// Jest Snapshot v1, https://goo.gl/fbAQLP

exports[`NewMealForm renders correctly 1`] = `
<div>
  <form
    className="new-meal-form"
    onSubmit={[Function]}
  >
    <h1>
      Submit a New Meal
    </h1>
    <div>
      <div
        className={undefined}
        style={
          Object {
            "backgroundColor": "transparent",
            "cursor": "auto",
            "display": "inline-block",
            "fontFamily": "Roboto, sans-serif",
            "fontSize": 16,
            "height": 72,
            "lineHeight": "24px",
            "muiPrepared": true,
            "position": "relative",
            "transition": "height 200ms cubic-bezier(0.23, 1, 0.32, 1) 0ms",
            "width": 256,
          }
        }
      >
        <label
          className={undefined}
          htmlFor="testID"
          onTouchTap={undefined}
          style={
            Object {
              "color": "rgba(0, 0, 0, 0.3)",
              "lineHeight": "22px",
              "muiPrepared": true,
              "pointerEvents": "none",
              "position": "absolute",
              "top": 38,
              "transform": "scale(1) translate(0, 0)",
              "transformOrigin": "left top",
              "transition": "all 450ms cubic-bezier(0.23, 1, 0.32, 1) 0ms",
              "userSelect": "none",
              "zIndex": 1,
            }
          }
        >
          Meal Name
        </label>
        <div
          style={
            Object {
              "bottom": 12,
              "color": "rgba(0, 0, 0, 0.3)",
              "muiPrepared": true,
              "opacity": 0,
              "position": "absolute",
              "transition": "all 450ms cubic-bezier(0.23, 1, 0.32, 1) 0ms",
            }
          }
        >
          Meal Name
        </div>
        <input
          disabled={false}
          id="testID"
          name="mealName"
          onBlur={[Function]}
          onChange={[Function]}
          onDragStart={[Function]}
          onDrop={[Function]}
          onFocus={[Function]}
          style={
            Object {
              "WebkitTapHighlightColor": "rgba(0,0,0,0)",
              "appearance": "textfield",
              "backgroundColor": "rgba(0,0,0,0)",
              "border": "none",
              "boxSizing": "border-box",
              "color": "rgba(0, 0, 0, 0.87)",
              "cursor": "inherit",
              "font": "inherit",
              "height": "100%",
              "marginTop": 14,
              "muiPrepared": true,
              "outline": "none",
              "padding": 0,
              "position": "relative",
              "width": "100%",
            }
          }
          type="text"
          value=""
        />
        <div>
          <hr
            aria-hidden="true"
            style={
              Object {
                "borderBottom": "solid 1px",
                "borderColor": "#e0e0e0",
                "borderLeft": "none",
                "borderRight": "none",
                "borderTop": "none",
                "bottom": 8,
                "boxSizing": "content-box",
                "margin": 0,
                "muiPrepared": true,
                "position": "absolute",
                "width": "100%",
              }
            }
          />
          <hr
            aria-hidden="true"
            style={
              Object {
                "borderBottom": "solid 2px",
                "borderColor": "#00bcd4",
                "borderLeft": "none",
                "borderRight": "none",
                "borderTop": "none",
                "bottom": 8,
                "boxSizing": "content-box",
                "margin": 0,
                "muiPrepared": true,
                "position": "absolute",
                "transform": "scaleX(0)",
                "transition": "all 450ms cubic-bezier(0.23, 1, 0.32, 1) 0ms",
                "width": "100%",
              }
            }
          />
        </div>
      </div>
    </div>
    <div>
      <div
        className={undefined}
        style={
          Object {
            "backgroundColor": "transparent",
            "cursor": "auto",
            "display": "inline-block",
            "fontFamily": "Roboto, sans-serif",
            "fontSize": 16,
            "height": 72,
            "lineHeight": "24px",
            "muiPrepared": true,
            "position": "relative",
            "transition": "height 200ms cubic-bezier(0.23, 1, 0.32, 1) 0ms",
            "width": 256,
          }
        }
      >
        <label
          className={undefined}
          htmlFor="testID"
          onTouchTap={undefined}
          style={
            Object {
              "color": "rgba(0, 0, 0, 0.3)",
              "lineHeight": "22px",
              "muiPrepared": true,
              "pointerEvents": "none",
              "position": "absolute",
              "top": 38,
              "transform": "scale(1) translate(0, 0)",
              "transformOrigin": "left top",
              "transition": "all 450ms cubic-bezier(0.23, 1, 0.32, 1) 0ms",
              "userSelect": "none",
              "zIndex": 1,
            }
          }
        >
          Description
        </label>
        <div
          style={
            Object {
              "bottom": 12,
              "color": "rgba(0, 0, 0, 0.3)",
              "muiPrepared": true,
              "opacity": 0,
              "position": "absolute",
              "transition": "all 450ms cubic-bezier(0.23, 1, 0.32, 1) 0ms",
            }
          }
        >
          Description
        </div>
        <input
          disabled={false}
          id="testID"
          name="description"
          onBlur={[Function]}
          onChange={[Function]}
          onDragStart={[Function]}
          onDrop={[Function]}
          onFocus={[Function]}
          style={
            Object {
              "WebkitTapHighlightColor": "rgba(0,0,0,0)",
              "appearance": "textfield",
              "backgroundColor": "rgba(0,0,0,0)",
              "border": "none",
              "boxSizing": "border-box",
              "color": "rgba(0, 0, 0, 0.87)",
              "cursor": "inherit",
              "font": "inherit",
              "height": "100%",
              "marginTop": 14,
              "muiPrepared": true,
              "outline": "none",
              "padding": 0,
              "position": "relative",
              "width": "100%",
            }
          }
          type="text"
          value=""
        />
        <div>
          <hr
            aria-hidden="true"
            style={
              Object {
                "borderBottom": "solid 1px",
                "borderColor": "#e0e0e0",
                "borderLeft": "none",
                "borderRight": "none",
                "borderTop": "none",
                "bottom": 8,
                "boxSizing": "content-box",
                "margin": 0,
                "muiPrepared": true,
                "position": "absolute",
                "width": "100%",
              }
            }
          />
          <hr
            aria-hidden="true"
            style={
              Object {
                "borderBottom": "solid 2px",
                "borderColor": "#00bcd4",
                "borderLeft": "none",
                "borderRight": "none",
                "borderTop": "none",
                "bottom": 8,
                "boxSizing": "content-box",
                "margin": 0,
                "muiPrepared": true,
                "position": "absolute",
                "transform": "scaleX(0)",
                "transition": "all 450ms cubic-bezier(0.23, 1, 0.32, 1) 0ms",
                "width": "100%",
              }
            }
          />
        </div>
      </div>
    </div>
    <div>
      <div
        className={undefined}
        style={
          Object {
            "muiPrepared": true,
          }
        }
      >
        <div
          className={undefined}
          style={
            Object {
              "backgroundColor": "transparent",
              "cursor": "auto",
              "display": "inline-block",
              "fontFamily": "Roboto, sans-serif",
              "fontSize": 16,
              "height": 48,
              "lineHeight": "24px",
              "muiPrepared": true,
              "position": "relative",
              "transition": "height 200ms cubic-bezier(0.23, 1, 0.32, 1) 0ms",
              "width": 256,
            }
          }
        >
          <div
            style={
              Object {
                "bottom": 12,
                "color": "rgba(0, 0, 0, 0.3)",
                "muiPrepared": true,
                "opacity": 1,
                "position": "absolute",
                "transition": "all 450ms cubic-bezier(0.23, 1, 0.32, 1) 0ms",
              }
            }
          >
            Delivery Date
          </div>
          <input
            disabled={false}
            id="testID"
            name="deliveryDate"
            onBlur={[Function]}
            onChange={[Function]}
            onDragStart={[Function]}
            onDrop={[Function]}
            onFocus={[Function]}
            onTouchTap={[Function]}
            style={
              Object {
                "WebkitTapHighlightColor": "rgba(0,0,0,0)",
                "appearance": "textfield",
                "backgroundColor": "rgba(0,0,0,0)",
                "border": "none",
                "color": "rgba(0, 0, 0, 0.87)",
                "cursor": "inherit",
                "font": "inherit",
                "height": "100%",
                "muiPrepared": true,
                "outline": "none",
                "padding": 0,
                "position": "relative",
                "width": "100%",
              }
            }
            type="text"
            value=""
          />
          <div>
            <hr
              aria-hidden="true"
              style={
                Object {
                  "borderBottom": "solid 1px",
                  "borderColor": "#e0e0e0",
                  "borderLeft": "none",
                  "borderRight": "none",
                  "borderTop": "none",
                  "bottom": 8,
                  "boxSizing": "content-box",
                  "margin": 0,
                  "muiPrepared": true,
                  "position": "absolute",
                  "width": "100%",
                }
              }
            />
            <hr
              aria-hidden="true"
              style={
                Object {
                  "borderBottom": "solid 2px",
                  "borderColor": "#00bcd4",
                  "borderLeft": "none",
                  "borderRight": "none",
                  "borderTop": "none",
                  "bottom": 8,
                  "boxSizing": "content-box",
                  "margin": 0,
                  "muiPrepared": true,
                  "position": "absolute",
                  "transform": "scaleX(0)",
                  "transition": "all 450ms cubic-bezier(0.23, 1, 0.32, 1) 0ms",
                  "width": "100%",
                }
              }
            />
          </div>
        </div>
        <div />
      </div>
      <div
        style={
          Object {
            "muiPrepared": true,
          }
        }
      >
        <div
          className={undefined}
          style={
            Object {
              "backgroundColor": "transparent",
              "cursor": "auto",
              "display": "inline-block",
              "fontFamily": "Roboto, sans-serif",
              "fontSize": 16,
              "height": 48,
              "lineHeight": "24px",
              "muiPrepared": true,
              "position": "relative",
              "transition": "height 200ms cubic-bezier(0.23, 1, 0.32, 1) 0ms",
              "width": 256,
            }
          }
        >
          <div
            style={
              Object {
                "bottom": 12,
                "color": "rgba(0, 0, 0, 0.3)",
                "muiPrepared": true,
                "opacity": 1,
                "position": "absolute",
                "transition": "all 450ms cubic-bezier(0.23, 1, 0.32, 1) 0ms",
              }
            }
          >
            Delivery Time
          </div>
          <input
            disabled={false}
            id="testID"
            name="deliveryTime"
            onBlur={[Function]}
            onChange={[Function]}
            onDragStart={[Function]}
            onDrop={[Function]}
            onFocus={[Function]}
            onTouchTap={[Function]}
            style={
              Object {
                "WebkitTapHighlightColor": "rgba(0,0,0,0)",
                "appearance": "textfield",
                "backgroundColor": "rgba(0,0,0,0)",
                "border": "none",
                "color": "rgba(0, 0, 0, 0.87)",
                "cursor": "inherit",
                "font": "inherit",
                "height": "100%",
                "muiPrepared": true,
                "outline": "none",
                "padding": 0,
                "position": "relative",
                "width": "100%",
              }
            }
            type="text"
            value=""
          />
          <div>
            <hr
              aria-hidden="true"
              style={
                Object {
                  "borderBottom": "solid 1px",
                  "borderColor": "#e0e0e0",
                  "borderLeft": "none",
                  "borderRight": "none",
                  "borderTop": "none",
                  "bottom": 8,
                  "boxSizing": "content-box",
                  "margin": 0,
                  "muiPrepared": true,
                  "position": "absolute",
                  "width": "100%",
                }
              }
            />
            <hr
              aria-hidden="true"
              style={
                Object {
                  "borderBottom": "solid 2px",
                  "borderColor": "#00bcd4",
                  "borderLeft": "none",
                  "borderRight": "none",
                  "borderTop": "none",
                  "bottom": 8,
                  "boxSizing": "content-box",
                  "margin": 0,
                  "muiPrepared": true,
                  "position": "absolute",
                  "transform": "scaleX(0)",
                  "transition": "all 450ms cubic-bezier(0.23, 1, 0.32, 1) 0ms",
                  "width": "100%",
                }
              }
            />
          </div>
        </div>
      </div>
    </div>
    <div
      className="images-container"
    >
      <div>
        <div
          className={undefined}
          style={
            Object {
              "backgroundColor": "transparent",
              "cursor": "auto",
              "display": "inline-block",
              "fontFamily": "Roboto, sans-serif",
              "fontSize": 16,
              "height": 72,
              "lineHeight": "24px",
              "muiPrepared": true,
              "position": "relative",
              "transition": "height 200ms cubic-bezier(0.23, 1, 0.32, 1) 0ms",
              "width": 256,
            }
          }
        >
          <label
            className={undefined}
            htmlFor="testID"
            onTouchTap={undefined}
            style={
              Object {
                "color": "rgba(0, 0, 0, 0.3)",
                "lineHeight": "22px",
                "muiPrepared": true,
                "pointerEvents": "none",
                "position": "absolute",
                "top": 38,
                "transform": "scale(1) translate(0, 0)",
                "transformOrigin": "left top",
                "transition": "all 450ms cubic-bezier(0.23, 1, 0.32, 1) 0ms",
                "userSelect": "none",
                "zIndex": 1,
              }
            }
          >
            Image 1
          </label>
          <div
            style={
              Object {
                "bottom": 12,
                "color": "rgba(0, 0, 0, 0.3)",
                "muiPrepared": true,
                "opacity": 0,
                "position": "absolute",
                "transition": "all 450ms cubic-bezier(0.23, 1, 0.32, 1) 0ms",
              }
            }
          >
            https://example.com/photo.jpeg
          </div>
          <input
            disabled={false}
            id="testID"
            name="photo_1"
            onBlur={[Function]}
            onChange={[Function]}
            onDragStart={[Function]}
            onDrop={[Function]}
            onFocus={[Function]}
            style={
              Object {
                "WebkitTapHighlightColor": "rgba(0,0,0,0)",
                "appearance": "textfield",
                "backgroundColor": "rgba(0,0,0,0)",
                "border": "none",
                "boxSizing": "border-box",
                "color": "rgba(0, 0, 0, 0.87)",
                "cursor": "inherit",
                "font": "inherit",
                "height": "100%",
                "marginTop": 14,
                "muiPrepared": true,
                "outline": "none",
                "padding": 0,
                "position": "relative",
                "width": "100%",
              }
            }
            type="text"
            value=""
          />
          <div>
            <hr
              aria-hidden="true"
              style={
                Object {
                  "borderBottom": "solid 1px",
                  "borderColor": "#e0e0e0",
                  "borderLeft": "none",
                  "borderRight": "none",
                  "borderTop": "none",
                  "bottom": 8,
                  "boxSizing": "content-box",
                  "margin": 0,
                  "muiPrepared": true,
                  "position": "absolute",
                  "width": "100%",
                }
              }
            />
            <hr
              aria-hidden="true"
              style={
                Object {
                  "borderBottom": "solid 2px",
                  "borderColor": "#00bcd4",
                  "borderLeft": "none",
                  "borderRight": "none",
                  "borderTop": "none",
                  "bottom": 8,
                  "boxSizing": "content-box",
                  "margin": 0,
                  "muiPrepared": true,
                  "position": "absolute",
                  "transform": "scaleX(0)",
                  "transition": "all 450ms cubic-bezier(0.23, 1, 0.32, 1) 0ms",
                  "width": "100%",
                }
              }
            />
          </div>
        </div>
      </div>
      <div>
        <div
          className={undefined}
          style={
            Object {
              "backgroundColor": "transparent",
              "cursor": "auto",
              "display": "inline-block",
              "fontFamily": "Roboto, sans-serif",
              "fontSize": 16,
              "height": 72,
              "lineHeight": "24px",
              "muiPrepared": true,
              "position": "relative",
              "transition": "height 200ms cubic-bezier(0.23, 1, 0.32, 1) 0ms",
              "width": 256,
            }
          }
        >
          <label
            className={undefined}
            htmlFor="testID"
            onTouchTap={undefined}
            style={
              Object {
                "color": "rgba(0, 0, 0, 0.3)",
                "lineHeight": "22px",
                "muiPrepared": true,
                "pointerEvents": "none",
                "position": "absolute",
                "top": 38,
                "transform": "scale(1) translate(0, 0)",
                "transformOrigin": "left top",
                "transition": "all 450ms cubic-bezier(0.23, 1, 0.32, 1) 0ms",
                "userSelect": "none",
                "zIndex": 1,
              }
            }
          >
            Image 2
          </label>
          <div
            style={
              Object {
                "bottom": 12,
                "color": "rgba(0, 0, 0, 0.3)",
                "muiPrepared": true,
                "opacity": 0,
                "position": "absolute",
                "transition": "all 450ms cubic-bezier(0.23, 1, 0.32, 1) 0ms",
              }
            }
          >
            https://example.com/photo.jpeg
          </div>
          <input
            disabled={false}
            id="testID"
            name="photo_2"
            onBlur={[Function]}
            onChange={[Function]}
            onDragStart={[Function]}
            onDrop={[Function]}
            onFocus={[Function]}
            style={
              Object {
                "WebkitTapHighlightColor": "rgba(0,0,0,0)",
                "appearance": "textfield",
                "backgroundColor": "rgba(0,0,0,0)",
                "border": "none",
                "boxSizing": "border-box",
                "color": "rgba(0, 0, 0, 0.87)",
                "cursor": "inherit",
                "font": "inherit",
                "height": "100%",
                "marginTop": 14,
                "muiPrepared": true,
                "outline": "none",
                "padding": 0,
                "position": "relative",
                "width": "100%",
              }
            }
            type="text"
            value=""
          />
          <div>
            <hr
              aria-hidden="true"
              style={
                Object {
                  "borderBottom": "solid 1px",
                  "borderColor": "#e0e0e0",
                  "borderLeft": "none",
                  "borderRight": "none",
                  "borderTop": "none",
                  "bottom": 8,
                  "boxSizing": "content-box",
                  "margin": 0,
                  "muiPrepared": true,
                  "position": "absolute",
                  "width": "100%",
                }
              }
            />
            <hr
              aria-hidden="true"
              style={
                Object {
                  "borderBottom": "solid 2px",
                  "borderColor": "#00bcd4",
                  "borderLeft": "none",
                  "borderRight": "none",
                  "borderTop": "none",
                  "bottom": 8,
                  "boxSizing": "content-box",
                  "margin": 0,
                  "muiPrepared": true,
                  "position": "absolute",
                  "transform": "scaleX(0)",
                  "transition": "all 450ms cubic-bezier(0.23, 1, 0.32, 1) 0ms",
                  "width": "100%",
                }
              }
            />
          </div>
        </div>
      </div>
      <div>
        <div
          className={undefined}
          style={
            Object {
              "backgroundColor": "transparent",
              "cursor": "auto",
              "display": "inline-block",
              "fontFamily": "Roboto, sans-serif",
              "fontSize": 16,
              "height": 72,
              "lineHeight": "24px",
              "muiPrepared": true,
              "position": "relative",
              "transition": "height 200ms cubic-bezier(0.23, 1, 0.32, 1) 0ms",
              "width": 256,
            }
          }
        >
          <label
            className={undefined}
            htmlFor="testID"
            onTouchTap={undefined}
            style={
              Object {
                "color": "rgba(0, 0, 0, 0.3)",
                "lineHeight": "22px",
                "muiPrepared": true,
                "pointerEvents": "none",
                "position": "absolute",
                "top": 38,
                "transform": "scale(1) translate(0, 0)",
                "transformOrigin": "left top",
                "transition": "all 450ms cubic-bezier(0.23, 1, 0.32, 1) 0ms",
                "userSelect": "none",
                "zIndex": 1,
              }
            }
          >
            Image 3
          </label>
          <div
            style={
              Object {
                "bottom": 12,
                "color": "rgba(0, 0, 0, 0.3)",
                "muiPrepared": true,
                "opacity": 0,
                "position": "absolute",
                "transition": "all 450ms cubic-bezier(0.23, 1, 0.32, 1) 0ms",
              }
            }
          >
            https://example.com/photo.jpeg
          </div>
          <input
            disabled={false}
            id="testID"
            name="photo_3"
            onBlur={[Function]}
            onChange={[Function]}
            onDragStart={[Function]}
            onDrop={[Function]}
            onFocus={[Function]}
            style={
              Object {
                "WebkitTapHighlightColor": "rgba(0,0,0,0)",
                "appearance": "textfield",
                "backgroundColor": "rgba(0,0,0,0)",
                "border": "none",
                "boxSizing": "border-box",
                "color": "rgba(0, 0, 0, 0.87)",
                "cursor": "inherit",
                "font": "inherit",
                "height": "100%",
                "marginTop": 14,
                "muiPrepared": true,
                "outline": "none",
                "padding": 0,
                "position": "relative",
                "width": "100%",
              }
            }
            type="text"
            value=""
          />
          <div>
            <hr
              aria-hidden="true"
              style={
                Object {
                  "borderBottom": "solid 1px",
                  "borderColor": "#e0e0e0",
                  "borderLeft": "none",
                  "borderRight": "none",
                  "borderTop": "none",
                  "bottom": 8,
                  "boxSizing": "content-box",
                  "margin": 0,
                  "muiPrepared": true,
                  "position": "absolute",
                  "width": "100%",
                }
              }
            />
            <hr
              aria-hidden="true"
              style={
                Object {
                  "borderBottom": "solid 2px",
                  "borderColor": "#00bcd4",
                  "borderLeft": "none",
                  "borderRight": "none",
                  "borderTop": "none",
                  "bottom": 8,
                  "boxSizing": "content-box",
                  "margin": 0,
                  "muiPrepared": true,
                  "position": "absolute",
                  "transform": "scaleX(0)",
                  "transition": "all 450ms cubic-bezier(0.23, 1, 0.32, 1) 0ms",
                  "width": "100%",
                }
              }
            />
          </div>
        </div>
      </div>
      <div>
        <div
          className={undefined}
          style={
            Object {
              "backgroundColor": "transparent",
              "cursor": "auto",
              "display": "inline-block",
              "fontFamily": "Roboto, sans-serif",
              "fontSize": 16,
              "height": 72,
              "lineHeight": "24px",
              "muiPrepared": true,
              "position": "relative",
              "transition": "height 200ms cubic-bezier(0.23, 1, 0.32, 1) 0ms",
              "width": 256,
            }
          }
        >
          <label
            className={undefined}
            htmlFor="testID"
            onTouchTap={undefined}
            style={
              Object {
                "color": "rgba(0, 0, 0, 0.3)",
                "lineHeight": "22px",
                "muiPrepared": true,
                "pointerEvents": "none",
                "position": "absolute",
                "top": 38,
                "transform": "scale(1) translate(0, 0)",
                "transformOrigin": "left top",
                "transition": "all 450ms cubic-bezier(0.23, 1, 0.32, 1) 0ms",
                "userSelect": "none",
                "zIndex": 1,
              }
            }
          >
            Image 4
          </label>
          <div
            style={
              Object {
                "bottom": 12,
                "color": "rgba(0, 0, 0, 0.3)",
                "muiPrepared": true,
                "opacity": 0,
                "position": "absolute",
                "transition": "all 450ms cubic-bezier(0.23, 1, 0.32, 1) 0ms",
              }
            }
          >
            https://example.com/photo.jpeg
          </div>
          <input
            disabled={false}
            id="testID"
            name="photo_4"
            onBlur={[Function]}
            onChange={[Function]}
            onDragStart={[Function]}
            onDrop={[Function]}
            onFocus={[Function]}
            style={
              Object {
                "WebkitTapHighlightColor": "rgba(0,0,0,0)",
                "appearance": "textfield",
                "backgroundColor": "rgba(0,0,0,0)",
                "border": "none",
                "boxSizing": "border-box",
                "color": "rgba(0, 0, 0, 0.87)",
                "cursor": "inherit",
                "font": "inherit",
                "height": "100%",
                "marginTop": 14,
                "muiPrepared": true,
                "outline": "none",
                "padding": 0,
                "position": "relative",
                "width": "100%",
              }
            }
            type="text"
            value=""
          />
          <div>
            <hr
              aria-hidden="true"
              style={
                Object {
                  "borderBottom": "solid 1px",
                  "borderColor": "#e0e0e0",
                  "borderLeft": "none",
                  "borderRight": "none",
                  "borderTop": "none",
                  "bottom": 8,
                  "boxSizing": "content-box",
                  "margin": 0,
                  "muiPrepared": true,
                  "position": "absolute",
                  "width": "100%",
                }
              }
            />
            <hr
              aria-hidden="true"
              style={
                Object {
                  "borderBottom": "solid 2px",
                  "borderColor": "#00bcd4",
                  "borderLeft": "none",
                  "borderRight": "none",
                  "borderTop": "none",
                  "bottom": 8,
                  "boxSizing": "content-box",
                  "margin": 0,
                  "muiPrepared": true,
                  "position": "absolute",
                  "transform": "scaleX(0)",
                  "transition": "all 450ms cubic-bezier(0.23, 1, 0.32, 1) 0ms",
                  "width": "100%",
                }
              }
            />
          </div>
        </div>
      </div>
    </div>
    <div>
      <div
        className={undefined}
        style={
          Object {
            "backgroundColor": "transparent",
            "cursor": "auto",
            "display": "inline-block",
            "fontFamily": "Roboto, sans-serif",
            "fontSize": 16,
            "height": 72,
            "lineHeight": "24px",
            "muiPrepared": true,
            "position": "relative",
            "transition": "height 200ms cubic-bezier(0.23, 1, 0.32, 1) 0ms",
            "width": 256,
          }
        }
      >
        <label
          className={undefined}
          htmlFor="testID"
          onTouchTap={undefined}
          style={
            Object {
              "color": "rgba(0, 0, 0, 0.3)",
              "lineHeight": "22px",
              "muiPrepared": true,
              "pointerEvents": "none",
              "position": "absolute",
              "top": 38,
              "transform": "scale(1) translate(0, 0)",
              "transformOrigin": "left top",
              "transition": "all 450ms cubic-bezier(0.23, 1, 0.32, 1) 0ms",
              "userSelect": "none",
              "zIndex": 1,
            }
          }
        >
          Price
        </label>
        <div
          style={
            Object {
              "bottom": 12,
              "color": "rgba(0, 0, 0, 0.3)",
              "muiPrepared": true,
              "opacity": 0,
              "position": "absolute",
              "transition": "all 450ms cubic-bezier(0.23, 1, 0.32, 1) 0ms",
            }
          }
        >
          $12
        </div>
        <input
          disabled={false}
          id="testID"
          name="price"
          onBlur={[Function]}
          onChange={[Function]}
          onDragStart={[Function]}
          onDrop={[Function]}
          onFocus={[Function]}
          style={
            Object {
              "WebkitTapHighlightColor": "rgba(0,0,0,0)",
              "appearance": "textfield",
              "backgroundColor": "rgba(0,0,0,0)",
              "border": "none",
              "boxSizing": "border-box",
              "color": "rgba(0, 0, 0, 0.87)",
              "cursor": "inherit",
              "font": "inherit",
              "height": "100%",
              "marginTop": 14,
              "muiPrepared": true,
              "outline": "none",
              "padding": 0,
              "position": "relative",
              "width": "100%",
            }
          }
          type="text"
          value=""
        />
        <div>
          <hr
            aria-hidden="true"
            style={
              Object {
                "borderBottom": "solid 1px",
                "borderColor": "#e0e0e0",
                "borderLeft": "none",
                "borderRight": "none",
                "borderTop": "none",
                "bottom": 8,
                "boxSizing": "content-box",
                "margin": 0,
                "muiPrepared": true,
                "position": "absolute",
                "width": "100%",
              }
            }
          />
          <hr
            aria-hidden="true"
            style={
              Object {
                "borderBottom": "solid 2px",
                "borderColor": "#00bcd4",
                "borderLeft": "none",
                "borderRight": "none",
                "borderTop": "none",
                "bottom": 8,
                "boxSizing": "content-box",
                "margin": 0,
                "muiPrepared": true,
                "position": "absolute",
                "transform": "scaleX(0)",
                "transition": "all 450ms cubic-bezier(0.23, 1, 0.32, 1) 0ms",
                "width": "100%",
              }
            }
          />
        </div>
      </div>
      <div
        className={undefined}
        style={
          Object {
            "backgroundColor": "transparent",
            "cursor": "auto",
            "display": "inline-block",
            "fontFamily": "Roboto, sans-serif",
            "fontSize": 16,
            "height": 72,
            "lineHeight": "24px",
            "muiPrepared": true,
            "position": "relative",
            "transition": "height 200ms cubic-bezier(0.23, 1, 0.32, 1) 0ms",
            "width": 256,
          }
        }
      >
        <label
          className={undefined}
          htmlFor="testID"
          onTouchTap={undefined}
          style={
            Object {
              "color": "rgba(0, 0, 0, 0.3)",
              "lineHeight": "22px",
              "muiPrepared": true,
              "pointerEvents": "none",
              "position": "absolute",
              "top": 38,
              "transform": "scale(1) translate(0, 0)",
              "transformOrigin": "left top",
              "transition": "all 450ms cubic-bezier(0.23, 1, 0.32, 1) 0ms",
              "userSelect": "none",
              "zIndex": 1,
            }
          }
        >
          Servings
        </label>
        <div
          style={
            Object {
              "bottom": 12,
              "color": "rgba(0, 0, 0, 0.3)",
              "muiPrepared": true,
              "opacity": 0,
              "position": "absolute",
              "transition": "all 450ms cubic-bezier(0.23, 1, 0.32, 1) 0ms",
            }
          }
        >
          10
        </div>
        <input
          disabled={false}
          id="testID"
          name="servings"
          onBlur={[Function]}
          onChange={[Function]}
          onDragStart={[Function]}
          onDrop={[Function]}
          onFocus={[Function]}
          style={
            Object {
              "WebkitTapHighlightColor": "rgba(0,0,0,0)",
              "appearance": "textfield",
              "backgroundColor": "rgba(0,0,0,0)",
              "border": "none",
              "boxSizing": "border-box",
              "color": "rgba(0, 0, 0, 0.87)",
              "cursor": "inherit",
              "font": "inherit",
              "height": "100%",
              "marginTop": 14,
              "muiPrepared": true,
              "outline": "none",
              "padding": 0,
              "position": "relative",
              "width": "100%",
            }
          }
          type="text"
          value=""
        />
        <div>
          <hr
            aria-hidden="true"
            style={
              Object {
                "borderBottom": "solid 1px",
                "borderColor": "#e0e0e0",
                "borderLeft": "none",
                "borderRight": "none",
                "borderTop": "none",
                "bottom": 8,
                "boxSizing": "content-box",
                "margin": 0,
                "muiPrepared": true,
                "position": "absolute",
                "width": "100%",
              }
            }
          />
          <hr
            aria-hidden="true"
            style={
              Object {
                "borderBottom": "solid 2px",
                "borderColor": "#00bcd4",
                "borderLeft": "none",
                "borderRight": "none",
                "borderTop": "none",
                "bottom": 8,
                "boxSizing": "content-box",
                "margin": 0,
                "muiPrepared": true,
                "position": "absolute",
                "transform": "scaleX(0)",
                "transition": "all 450ms cubic-bezier(0.23, 1, 0.32, 1) 0ms",
                "width": "100%",
              }
            }
          />
        </div>
      </div>
    </div>
    <div>
      <div
        className={undefined}
        style={
          Object {
            "backgroundColor": "transparent",
            "cursor": "auto",
            "display": "inline-block",
            "fontFamily": "Roboto, sans-serif",
            "fontSize": 16,
            "height": 72,
            "lineHeight": "24px",
            "muiPrepared": true,
            "position": "relative",
            "transition": "height 200ms cubic-bezier(0.23, 1, 0.32, 1) 0ms",
            "width": 256,
          }
        }
      >
        <label
          className={undefined}
          htmlFor="testID"
          onTouchTap={undefined}
          style={
            Object {
              "color": "rgba(0, 0, 0, 0.3)",
              "lineHeight": "22px",
              "muiPrepared": true,
              "pointerEvents": "none",
              "position": "absolute",
              "top": 38,
              "transform": "scale(1) translate(0, 0)",
              "transformOrigin": "left top",
              "transition": "all 450ms cubic-bezier(0.23, 1, 0.32, 1) 0ms",
              "userSelect": "none",
              "zIndex": 1,
            }
          }
        >
          Pickup Info
        </label>
        <div
          style={
            Object {
              "bottom": 12,
              "color": "rgba(0, 0, 0, 0.3)",
              "muiPrepared": true,
              "opacity": 0,
              "position": "absolute",
              "transition": "all 450ms cubic-bezier(0.23, 1, 0.32, 1) 0ms",
            }
          }
        >
          Pickup Info
        </div>
        <input
          disabled={false}
          id="testID"
          name="pickupInfo"
          onBlur={[Function]}
          onChange={[Function]}
          onDragStart={[Function]}
          onDrop={[Function]}
          onFocus={[Function]}
          style={
            Object {
              "WebkitTapHighlightColor": "rgba(0,0,0,0)",
              "appearance": "textfield",
              "backgroundColor": "rgba(0,0,0,0)",
              "border": "none",
              "boxSizing": "border-box",
              "color": "rgba(0, 0, 0, 0.87)",
              "cursor": "inherit",
              "font": "inherit",
              "height": "100%",
              "marginTop": 14,
              "muiPrepared": true,
              "outline": "none",
              "padding": 0,
              "position": "relative",
              "width": "100%",
            }
          }
          type="text"
          value=""
        />
        <div>
          <hr
            aria-hidden="true"
            style={
              Object {
                "borderBottom": "solid 1px",
                "borderColor": "#e0e0e0",
                "borderLeft": "none",
                "borderRight": "none",
                "borderTop": "none",
                "bottom": 8,
                "boxSizing": "content-box",
                "margin": 0,
                "muiPrepared": true,
                "position": "absolute",
                "width": "100%",
              }
            }
          />
          <hr
            aria-hidden="true"
            style={
              Object {
                "borderBottom": "solid 2px",
                "borderColor": "#00bcd4",
                "borderLeft": "none",
                "borderRight": "none",
                "borderTop": "none",
                "bottom": 8,
                "boxSizing": "content-box",
                "margin": 0,
                "muiPrepared": true,
                "position": "absolute",
                "transform": "scaleX(0)",
                "transition": "all 450ms cubic-bezier(0.23, 1, 0.32, 1) 0ms",
                "width": "100%",
              }
            }
          />
        </div>
      </div>
    </div>
    <div>
      <div
        className={undefined}
        style={
          Object {
            "backgroundColor": "transparent",
            "cursor": "auto",
            "display": "inline-block",
            "fontFamily": "Roboto, sans-serif",
            "fontSize": 16,
            "height": 72,
            "lineHeight": "24px",
            "muiPrepared": true,
            "position": "relative",
            "transition": "height 200ms cubic-bezier(0.23, 1, 0.32, 1) 0ms",
            "width": 256,
          }
        }
      >
        <label
          className={undefined}
          htmlFor="testID"
          onTouchTap={undefined}
          style={
            Object {
              "color": "rgba(0, 0, 0, 0.3)",
              "lineHeight": "22px",
              "muiPrepared": true,
              "pointerEvents": "none",
              "position": "absolute",
              "top": 38,
              "transform": "scale(1) translate(0, 0)",
              "transformOrigin": "left top",
              "transition": "all 450ms cubic-bezier(0.23, 1, 0.32, 1) 0ms",
              "userSelect": "none",
              "zIndex": 1,
            }
          }
        >
          Address
        </label>
        <div
          style={
            Object {
              "bottom": 12,
              "color": "rgba(0, 0, 0, 0.3)",
              "muiPrepared": true,
              "opacity": 0,
              "position": "absolute",
              "transition": "all 450ms cubic-bezier(0.23, 1, 0.32, 1) 0ms",
            }
          }
        >
          Address
        </div>
        <input
          disabled={false}
          id="testID"
          name="address"
          onBlur={[Function]}
          onChange={[Function]}
          onDragStart={[Function]}
          onDrop={[Function]}
          onFocus={[Function]}
          style={
            Object {
              "WebkitTapHighlightColor": "rgba(0,0,0,0)",
              "appearance": "textfield",
              "backgroundColor": "rgba(0,0,0,0)",
              "border": "none",
              "boxSizing": "border-box",
              "color": "rgba(0, 0, 0, 0.87)",
              "cursor": "inherit",
              "font": "inherit",
              "height": "100%",
              "marginTop": 14,
              "muiPrepared": true,
              "outline": "none",
              "padding": 0,
              "position": "relative",
              "width": "100%",
            }
          }
          type="text"
          value=""
        />
        <div>
          <hr
            aria-hidden="true"
            style={
              Object {
                "borderBottom": "solid 1px",
                "borderColor": "#e0e0e0",
                "borderLeft": "none",
                "borderRight": "none",
                "borderTop": "none",
                "bottom": 8,
                "boxSizing": "content-box",
                "margin": 0,
                "muiPrepared": true,
                "position": "absolute",
                "width": "100%",
              }
            }
          />
          <hr
            aria-hidden="true"
            style={
              Object {
                "borderBottom": "solid 2px",
                "borderColor": "#00bcd4",
                "borderLeft": "none",
                "borderRight": "none",
                "borderTop": "none",
                "bottom": 8,
                "boxSizing": "content-box",
                "margin": 0,
                "muiPrepared": true,
                "position": "absolute",
                "transform": "scaleX(0)",
                "transition": "all 450ms cubic-bezier(0.23, 1, 0.32, 1) 0ms",
                "width": "100%",
              }
            }
          />
        </div>
      </div>
    </div>
    <div>
      <div
        className={undefined}
        style={
          Object {
            "backgroundColor": "transparent",
            "cursor": "auto",
            "display": "inline-block",
            "fontFamily": "Roboto, sans-serif",
            "fontSize": 16,
            "height": 72,
            "lineHeight": "24px",
            "muiPrepared": true,
            "position": "relative",
            "transition": "height 200ms cubic-bezier(0.23, 1, 0.32, 1) 0ms",
            "width": 256,
          }
        }
      >
        <label
          className={undefined}
          htmlFor="testID"
          onTouchTap={undefined}
          style={
            Object {
              "color": "rgba(0, 0, 0, 0.3)",
              "lineHeight": "22px",
              "muiPrepared": true,
              "pointerEvents": "none",
              "position": "absolute",
              "top": 38,
              "transform": "scale(1) translate(0, 0)",
              "transformOrigin": "left top",
              "transition": "all 450ms cubic-bezier(0.23, 1, 0.32, 1) 0ms",
              "userSelect": "none",
              "zIndex": 1,
            }
          }
        >
          City
        </label>
        <div
          style={
            Object {
              "bottom": 12,
              "color": "rgba(0, 0, 0, 0.3)",
              "muiPrepared": true,
              "opacity": 0,
              "position": "absolute",
              "transition": "all 450ms cubic-bezier(0.23, 1, 0.32, 1) 0ms",
            }
          }
        >
          City
        </div>
        <input
          disabled={false}
          id="testID"
          name="city"
          onBlur={[Function]}
          onChange={[Function]}
          onDragStart={[Function]}
          onDrop={[Function]}
          onFocus={[Function]}
          style={
            Object {
              "WebkitTapHighlightColor": "rgba(0,0,0,0)",
              "appearance": "textfield",
              "backgroundColor": "rgba(0,0,0,0)",
              "border": "none",
              "boxSizing": "border-box",
              "color": "rgba(0, 0, 0, 0.87)",
              "cursor": "inherit",
              "font": "inherit",
              "height": "100%",
              "marginTop": 14,
              "muiPrepared": true,
              "outline": "none",
              "padding": 0,
              "position": "relative",
              "width": "100%",
            }
          }
          type="text"
          value=""
        />
        <div>
          <hr
            aria-hidden="true"
            style={
              Object {
                "borderBottom": "solid 1px",
                "borderColor": "#e0e0e0",
                "borderLeft": "none",
                "borderRight": "none",
                "borderTop": "none",
                "bottom": 8,
                "boxSizing": "content-box",
                "margin": 0,
                "muiPrepared": true,
                "position": "absolute",
                "width": "100%",
              }
            }
          />
          <hr
            aria-hidden="true"
            style={
              Object {
                "borderBottom": "solid 2px",
                "borderColor": "#00bcd4",
                "borderLeft": "none",
                "borderRight": "none",
                "borderTop": "none",
                "bottom": 8,
                "boxSizing": "content-box",
                "margin": 0,
                "muiPrepared": true,
                "position": "absolute",
                "transform": "scaleX(0)",
                "transition": "all 450ms cubic-bezier(0.23, 1, 0.32, 1) 0ms",
                "width": "100%",
              }
            }
          />
        </div>
      </div>
      <div
        className={undefined}
        style={
          Object {
            "backgroundColor": "transparent",
            "cursor": "auto",
            "display": "inline-block",
            "fontFamily": "Roboto, sans-serif",
            "fontSize": 16,
            "height": 72,
            "lineHeight": "24px",
            "muiPrepared": true,
            "position": "relative",
            "transition": "height 200ms cubic-bezier(0.23, 1, 0.32, 1) 0ms",
            "width": 256,
          }
        }
      >
        <label
          className={undefined}
          htmlFor="testID"
          onTouchTap={undefined}
          style={
            Object {
              "color": "rgba(0, 0, 0, 0.3)",
              "lineHeight": "22px",
              "muiPrepared": true,
              "pointerEvents": "none",
              "position": "absolute",
              "top": 38,
              "transform": "scale(1) translate(0, 0)",
              "transformOrigin": "left top",
              "transition": "all 450ms cubic-bezier(0.23, 1, 0.32, 1) 0ms",
              "userSelect": "none",
              "zIndex": 1,
            }
          }
        >
          State
        </label>
        <div
          style={
            Object {
              "bottom": 12,
              "color": "rgba(0, 0, 0, 0.3)",
              "muiPrepared": true,
              "opacity": 0,
              "position": "absolute",
              "transition": "all 450ms cubic-bezier(0.23, 1, 0.32, 1) 0ms",
            }
          }
        >
          State
        </div>
        <input
          disabled={false}
          id="testID"
          name="state"
          onBlur={[Function]}
          onChange={[Function]}
          onDragStart={[Function]}
          onDrop={[Function]}
          onFocus={[Function]}
          style={
            Object {
              "WebkitTapHighlightColor": "rgba(0,0,0,0)",
              "appearance": "textfield",
              "backgroundColor": "rgba(0,0,0,0)",
              "border": "none",
              "boxSizing": "border-box",
              "color": "rgba(0, 0, 0, 0.87)",
              "cursor": "inherit",
              "font": "inherit",
              "height": "100%",
              "marginTop": 14,
              "muiPrepared": true,
              "outline": "none",
              "padding": 0,
              "position": "relative",
              "width": "100%",
            }
          }
          type="text"
          value=""
        />
        <div>
          <hr
            aria-hidden="true"
            style={
              Object {
                "borderBottom": "solid 1px",
                "borderColor": "#e0e0e0",
                "borderLeft": "none",
                "borderRight": "none",
                "borderTop": "none",
                "bottom": 8,
                "boxSizing": "content-box",
                "margin": 0,
                "muiPrepared": true,
                "position": "absolute",
                "width": "100%",
              }
            }
          />
          <hr
            aria-hidden="true"
            style={
              Object {
                "borderBottom": "solid 2px",
                "borderColor": "#00bcd4",
                "borderLeft": "none",
                "borderRight": "none",
                "borderTop": "none",
                "bottom": 8,
                "boxSizing": "content-box",
                "margin": 0,
                "muiPrepared": true,
                "position": "absolute",
                "transform": "scaleX(0)",
                "transition": "all 450ms cubic-bezier(0.23, 1, 0.32, 1) 0ms",
                "width": "100%",
              }
            }
          />
        </div>
      </div>
    </div>
    <div>
      <div
        className={undefined}
        style={
          Object {
            "backgroundColor": "transparent",
            "cursor": "auto",
            "display": "inline-block",
            "fontFamily": "Roboto, sans-serif",
            "fontSize": 16,
            "height": 72,
            "lineHeight": "24px",
            "muiPrepared": true,
            "position": "relative",
            "transition": "height 200ms cubic-bezier(0.23, 1, 0.32, 1) 0ms",
            "width": 256,
          }
        }
      >
        <label
          className={undefined}
          htmlFor="testID"
          onTouchTap={undefined}
          style={
            Object {
              "color": "rgba(0, 0, 0, 0.3)",
              "lineHeight": "22px",
              "muiPrepared": true,
              "pointerEvents": "none",
              "position": "absolute",
              "top": 38,
              "transform": "scale(1) translate(0, 0)",
              "transformOrigin": "left top",
              "transition": "all 450ms cubic-bezier(0.23, 1, 0.32, 1) 0ms",
              "userSelect": "none",
              "zIndex": 1,
            }
          }
        >
          Zipcode
        </label>
        <div
          style={
            Object {
              "bottom": 12,
              "color": "rgba(0, 0, 0, 0.3)",
              "muiPrepared": true,
              "opacity": 0,
              "position": "absolute",
              "transition": "all 450ms cubic-bezier(0.23, 1, 0.32, 1) 0ms",
            }
          }
        >
          Zipcode
        </div>
        <input
          disabled={false}
          id="testID"
          name="zipcode"
          onBlur={[Function]}
          onChange={[Function]}
          onDragStart={[Function]}
          onDrop={[Function]}
          onFocus={[Function]}
          style={
            Object {
              "WebkitTapHighlightColor": "rgba(0,0,0,0)",
              "appearance": "textfield",
              "backgroundColor": "rgba(0,0,0,0)",
              "border": "none",
              "boxSizing": "border-box",
              "color": "rgba(0, 0, 0, 0.87)",
              "cursor": "inherit",
              "font": "inherit",
              "height": "100%",
              "marginTop": 14,
              "muiPrepared": true,
              "outline": "none",
              "padding": 0,
              "position": "relative",
              "width": "100%",
            }
          }
          type="text"
          value=""
        />
        <div>
          <hr
            aria-hidden="true"
            style={
              Object {
                "borderBottom": "solid 1px",
                "borderColor": "#e0e0e0",
                "borderLeft": "none",
                "borderRight": "none",
                "borderTop": "none",
                "bottom": 8,
                "boxSizing": "content-box",
                "margin": 0,
                "muiPrepared": true,
                "position": "absolute",
                "width": "100%",
              }
            }
          />
          <hr
            aria-hidden="true"
            style={
              Object {
                "borderBottom": "solid 2px",
                "borderColor": "#00bcd4",
                "borderLeft": "none",
                "borderRight": "none",
                "borderTop": "none",
                "bottom": 8,
                "boxSizing": "content-box",
                "margin": 0,
                "muiPrepared": true,
                "position": "absolute",
                "transform": "scaleX(0)",
                "transition": "all 450ms cubic-bezier(0.23, 1, 0.32, 1) 0ms",
                "width": "100%",
              }
            }
          />
        </div>
      </div>
    </div>
    <div>
      <div
        className={undefined}
        style={
          Object {
            "WebkitTapHighlightColor": "rgba(0,0,0,0)",
            "backgroundColor": "#ffffff",
            "borderRadius": 2,
            "boxShadow": undefined,
            "boxSizing": "border-box",
            "color": "rgba(0, 0, 0, 0.87)",
            "display": "inline-block",
            "fontFamily": "Roboto, sans-serif",
            "minWidth": 88,
            "muiPrepared": true,
            "transition": "all 450ms cubic-bezier(0.23, 1, 0.32, 1) 0ms",
          }
        }
      >
        <button
          disabled={true}
          href={undefined}
          onBlur={[Function]}
          onClick={[Function]}
          onFocus={[Function]}
          onKeyDown={[Function]}
          onKeyUp={[Function]}
          onTouchTap={[Function]}
          style={
            Object {
              "WebkitTapHighlightColor": "rgba(0, 0, 0, 0)",
              "backgroundColor": "rgb(229, 229, 229)",
              "border": 10,
              "borderRadius": 2,
              "boxSizing": "border-box",
              "cursor": "default",
              "display": "inline-block",
              "fontFamily": "Roboto, sans-serif",
              "fontSize": "inherit",
              "fontWeight": "inherit",
              "height": 36,
              "lineHeight": "36px",
              "margin": 0,
              "muiPrepared": true,
              "outline": "none",
              "padding": 0,
              "position": "relative",
              "textAlign": "center",
              "textDecoration": "none",
              "transition": "all 450ms cubic-bezier(0.23, 1, 0.32, 1) 0ms",
              "verticalAlign": null,
              "width": "100%",
              "zIndex": 1,
            }
          }
          tabIndex={-1}
          type="submit"
        >
          <div
            style={
              Object {
                "backgroundColor": false,
                "borderRadius": 2,
                "height": 36,
                "muiPrepared": true,
                "top": 0,
                "transition": "all 450ms cubic-bezier(0.23, 1, 0.32, 1) 0ms",
              }
            }
          >
            Submit
          </div>
        </button>
      </div>
    </div>
  </form>
</div>
`;
