// Jest Snapshot v1, https://goo.gl/fbAQLP

exports[`NewPostForm renders correctly 1`] = `
<form>
  <div>
    <label>
      Name
    </label>
    <div>
      <input
        name="name"
        onBlur={[Function]}
        onChange={[Function]}
        onDragStart={[Function]}
        onDrop={[Function]}
        onFocus={[Function]}
        placeholder="Your Name"
        type="text"
        value=""
      />
    </div>
  </div>
  <div>
    <label>
      Description
    </label>
    <div>
      <textarea
        name="description"
        onBlur={[Function]}
        onChange={[Function]}
        onDragStart={[Function]}
        onDrop={[Function]}
        onFocus={[Function]}
        placeholder="Description"
        type="textarea"
        value=""
      />
    </div>
  </div>
  <div>
    <label>
      Delivery Date
    </label>
    <div>
      <input
        name="delivery-date"
        onBlur={[Function]}
        onChange={[Function]}
        onDragStart={[Function]}
        onDrop={[Function]}
        onFocus={[Function]}
        type="date"
        value=""
      />
    </div>
  </div>
  <div>
    <label>
      Photos
    </label>
    <div>
      <input
        name="photo_1"
        onBlur={[Function]}
        onChange={[Function]}
        onDragStart={[Function]}
        onDrop={[Function]}
        onFocus={[Function]}
        placeholder="Your Name"
        type="text"
        value=""
      />
    </div>
    <div>
      <input
        name="photo_2"
        onBlur={[Function]}
        onChange={[Function]}
        onDragStart={[Function]}
        onDrop={[Function]}
        onFocus={[Function]}
        placeholder="Your Name"
        type="text"
        value=""
      />
    </div>
    <div>
      <input
        name="photo_3"
        onBlur={[Function]}
        onChange={[Function]}
        onDragStart={[Function]}
        onDrop={[Function]}
        onFocus={[Function]}
        placeholder="Your Name"
        type="text"
        value=""
      />
    </div>
    <div>
      <input
        name="photo_4"
        onBlur={[Function]}
        onChange={[Function]}
        onDragStart={[Function]}
        onDrop={[Function]}
        onFocus={[Function]}
        placeholder="Your Name"
        type="text"
        value=""
      />
    </div>
  </div>
  <div>
    <label>
      Price
    </label>
    <div>
      <input
        name="price"
        onBlur={[Function]}
        onChange={[Function]}
        onDragStart={[Function]}
        onDrop={[Function]}
        onFocus={[Function]}
        type="text"
        value=""
      />
    </div>
    <label>
      Servings
    </label>
    <div>
      <input
        name="servings"
        onBlur={[Function]}
        onChange={[Function]}
        onDragStart={[Function]}
        onDrop={[Function]}
        onFocus={[Function]}
        type="text"
        value=""
      />
    </div>
  </div>
  <div>
    <label>
      Addresee
    </label>
    <div>
      <input
        name="address"
        onBlur={[Function]}
        onChange={[Function]}
        onDragStart={[Function]}
        onDrop={[Function]}
        onFocus={[Function]}
        type="text"
        value=""
      />
    </div>
    <label>
      City
    </label>
    <div>
      <input
        name="city"
        onBlur={[Function]}
        onChange={[Function]}
        onDragStart={[Function]}
        onDrop={[Function]}
        onFocus={[Function]}
        type="text"
        value=""
      />
    </div>
    <label>
      State
    </label>
    <div>
      <input
        name="state"
        onBlur={[Function]}
        onChange={[Function]}
        onDragStart={[Function]}
        onDrop={[Function]}
        onFocus={[Function]}
        type="text"
        value=""
      />
    </div>
    <label>
      Zipcode
    </label>
    <div>
      <input
        name="zipcode"
        onBlur={[Function]}
        onChange={[Function]}
        onDragStart={[Function]}
        onDrop={[Function]}
        onFocus={[Function]}
        type="text"
        value=""
      />
    </div>
  </div>
  <div>
    <button
      type="submit"
    >
      Submit
    </button>
    <button
      type="button"
    >
      Clear Values
    </button>
  </div>
</form>
`;
